--------------------------------------------------------------------------------
Release 14.7 Trace  (nt)
Copyright (c) 1995-2013 Xilinx, Inc.  All rights reserved.

C:\Xilinx\14.7\ISE_DS\ISE\bin\nt\unwrapped\trce.exe -intstyle ise -v 3 -s 3 -n
3 -fastpaths -xml main.twx main.ncd -o main.twr main.pcf -ucf atlys.ucf

Design file:              main.ncd
Physical constraint file: main.pcf
Device,package,speed:     xc6slx45,csg324,C,-3 (PRODUCTION 1.23 2013-10-13)
Report level:             verbose report

Environment Variable      Effect 
--------------------      ------ 
NONE                      No environment variables were set
--------------------------------------------------------------------------------

INFO:Timing:2698 - No timing constraints found, doing default enumeration.
INFO:Timing:3412 - To improve timing, see the Timing Closure User Guide (UG612).
INFO:Timing:2752 - To get complete path coverage, use the unconstrained paths 
   option. All paths that are not constrained will be reported in the 
   unconstrained paths section(s) of the report.
INFO:Timing:3339 - The clock-to-out numbers in this timing report are based on 
   a 50 Ohm transmission line loading model.  For the details of this model, 
   and for more information on accounting for different loading conditions, 
   please see the device datasheet.



Data Sheet report:
-----------------
All values displayed in nanoseconds (ns)

Pad to Pad
---------------+---------------+---------+
Source Pad     |Destination Pad|  Delay  |
---------------+---------------+---------+
switch<0>      |led<0>         |   13.079|
switch<0>      |led<1>         |   13.798|
switch<1>      |led<0>         |   13.468|
switch<1>      |led<1>         |   14.187|
switch<2>      |led<1>         |   14.288|
switch<2>      |led<3>         |   13.700|
switch<2>      |led<5>         |   18.249|
switch<2>      |led<7>         |   14.543|
switch<3>      |led<1>         |   12.592|
switch<3>      |led<3>         |   12.584|
switch<3>      |led<5>         |   17.133|
switch<3>      |led<7>         |   13.427|
switch<4>      |led<1>         |   14.068|
switch<4>      |led<2>         |    9.425|
switch<4>      |led<3>         |   14.486|
switch<4>      |led<4>         |    8.836|
switch<4>      |led<5>         |   19.035|
switch<4>      |led<6>         |    7.030|
switch<4>      |led<7>         |   15.329|
switch<5>      |led<1>         |   12.887|
switch<6>      |led<1>         |   12.867|
switch<7>      |led<1>         |   12.801|
---------------+---------------+---------+


Analysis completed Wed Sep 14 18:22:26 2016 
--------------------------------------------------------------------------------

Trace Settings:
-------------------------
Trace Settings 

Peak Memory Usage: 184 MB



